Last login: Sun Dec  5 23:56:01 on ttys000
mujohidkahhori@Mujohids-MacBook-Pro my_git_repo % git init
Initialized empty Git repository in /Users/mujohidkahhori/eclipse-workspace/my_git_repo/.git/
mujohidkahhori@Mujohids-MacBook-Pro my_git_repo % git status
On branch master

No commits yet

Untracked files:
  (use "git add <file>..." to include in what will be committed)

	.classpath
	.project
	.settings/
	bin/
	src/

nothing added to commit but untracked files present (use "git add" to track)
mujohidkahhori@Mujohids-MacBook-Pro my_git_repo % git add .
mujohidkahhori@Mujohids-MacBook-Pro my_git_repo % git status
On branch master

No commits yet

Changes to be committed:
  (use "git rm --cached <file>..." to unstage)

	new file:   .classpath
	new file:   .project
	new file:   .settings/org.eclipse.jdt.core.prefs
	new file:   bin/my_git_repo/FirstJavaClass.class
	new file:   src/my_git_repo/FirstJavaClass.java

mujohidkahhori@Mujohids-MacBook-Pro my_git_repo % git commit -m "first commit"
[master (root-commit) 0819772] first commit
 Committer: Mujohid Kahhori <mujohidkahhori@Mujohids-MacBook-Pro.local>
Your name and email address were configured automatically based
on your username and hostname. Please check that they are accurate.
You can suppress this message by setting them explicitly:

    git config --global user.name "Your Name"
    git config --global user.email you@example.com

After doing this, you may fix the identity used for this commit with:

    git commit --amend --reset-author

 5 files changed, 46 insertions(+)
 create mode 100644 .classpath
 create mode 100644 .project
 create mode 100644 .settings/org.eclipse.jdt.core.prefs
 create mode 100644 bin/my_git_repo/FirstJavaClass.class
 create mode 100644 src/my_git_repo/FirstJavaClass.java
mujohidkahhori@Mujohids-MacBook-Pro my_git_repo % git status
On branch master
nothing to commit, working tree clean
mujohidkahhori@Mujohids-MacBook-Pro my_git_repo % git branch -M main
mujohidkahhori@Mujohids-MacBook-Pro my_git_repo % git remote add origin https://github.com/Mujahid91/my_git_repo.git
mujohidkahhori@Mujohids-MacBook-Pro my_git_repo % git push -u origin main
Counting objects: 12, done.
Delta compression using up to 12 threads.
Compressing objects: 100% (8/8), done.
Writing objects: 100% (12/12), 1.52 KiB | 1.52 MiB/s, done.
Total 12 (delta 0), reused 0 (delta 0)
To https://github.com/Mujahid91/my_git_repo.git
 * [new branch]      main -> main
Branch 'main' set up to track remote branch 'main' from 'origin'.
mujohidkahhori@Mujohids-MacBook-Pro my_git_repo % 


Baroi ilova kardani codi nav 


git add .

git status

On branch main
Your branch is up to date with 'origin/main'.

Changes to be committed:
  (use "git reset HEAD <file>..." to unstage)

	new file:   bin/Termal step
	new file:   bin/my_git_repo/SecondJavaClass.class
	new file:   src/Termal step
	new file:   src/my_git_repo/SecondJavaClass.java

git commit -m "second commit"

[main 86930e1] second commit
 Committer: Mujohid Kahhori <mujohidkahhori@Mujohids-MacBook-Pro.local>
Your name and email address were configured automatically based
on your username and hostname. Please check that they are accurate.
You can suppress this message by setting them explicitly:

    git config --global user.name "Your Name"
    git config --global user.email you@example.com

After doing this, you may fix the identity used for this commit with:

    git commit --amend --reset-author

 4 files changed, 143 insertions(+)
 create mode 100644 bin/Termal step
 create mode 100644 bin/my_git_repo/SecondJavaClass.class
 create mode 100644 src/Termal step
 create mode 100644 src/my_git_repo/SecondJavaClass.java
 
 
git push

Counting objects: 9, done.
Delta compression using up to 12 threads.
Compressing objects: 100% (9/9), done.
Writing objects: 100% (9/9), 1.85 KiB | 1.85 MiB/s, done.
Total 9 (delta 1), reused 0 (delta 0)
remote: Resolving deltas: 100% (1/1), completed with 1 local object.
To https://github.com/Mujahid91/my_git_repo.git
   0819772..86930e1  main -> main

